59:Note: /home/runner/work/TelePlay/TelePlay/teleplay/TelePlay-main/android/app/build/generated/source/kapt/debug/com/telegramtv/data/api/AuthInterceptor_Factory.java uses or overrides a deprecated API.
60:Note: Recompile with -Xlint:deprecation for details.
61-
62-> Task :app:hiltAggregateDepsDebug
63-> Task :app:hiltJavaCompileDebug
